Configuration on demand is an incubating feature.
> Task :app:preBuild UP-TO-DATE
> Task :app:preDebugBuild UP-TO-DATE
> Task :app:mergeDebugNativeDebugMetadata NO-SOURCE
> Task :app:dataBindingMergeDependencyArtifactsDebug UP-TO-DATE
> Task :app:generateDebugResources UP-TO-DATE
> Task :app:processDebugGoogleServices UP-TO-DATE
> Task :app:mergeDebugResources UP-TO-DATE
> Task :app:packageDebugResources UP-TO-DATE
> Task :app:processDebugNavigationResources UP-TO-DATE
> Task :app:parseDebugLocalResources UP-TO-DATE
> Task :app:dataBindingGenBaseClassesDebug UP-TO-DATE
> Task :app:generateDebugRFile UP-TO-DATE
> Task :app:compileDebugKotlin NO-SOURCE
> Task :app:javaPreCompileDebug UP-TO-DATE

> Task :app:compileDebugJavaWithJavac FAILED
.\gradlew : D:\tu_projects\PocketMind\app\sr
c\main\java\com\tuhoang\pocketmind\ui\auth\R
egisterActivity.java:42: error: package R 
does not exist
At line:1 char:1
+ .\gradlew assembleDebug > 
build_output.txt 2>&1
+ ~~~~~~~~~~~~~~~~~~~~~~~~~~~~~~~~~~~~~~~~~~
~~~~~
    + CategoryInfo          : NotSpecified: 
    (D:\tu_projects\... does not exist:Str  
  ing) [], RemoteException
    + FullyQualifiedErrorId : NativeCommand 
   Error
 
                Toast.makeText(this, 
getString(R.string.auth_err_empty_fields), 
Toast.LENGTH_SHORT).show();
                                            
    ^
D:\tu_projects\PocketMind\app\src\main\java\
com\tuhoang\pocketmind\ui\auth\RegisterActiv
ity.java:47: error: package R does not exist
                Toast.makeText(this, getStri
ng(R.string.auth_err_password_mismatch), 
Toast.LENGTH_SHORT).show();
                                            
    ^
D:\tu_projects\PocketMind\app\src\main\java\
com\tuhoang\pocketmind\ui\auth\RegisterActiv
ity.java:52: error: package R does not exist
                Toast.makeText(this, getStri
ng(R.string.auth_err_password_length), 
Toast.LENGTH_SHORT).show();
                                            
    ^
D:\tu_projects\PocketMind\app\src\main\java\
com\tuhoang\pocketmind\ui\auth\RegisterActiv
ity.java:56: error: package R does not exist
            showLoading(getString(R.string.a
ction_registering));
                                   ^
D:\tu_projects\PocketMind\app\src\main\java\
com\tuhoang\pocketmind\ui\auth\RegisterActiv
ity.java:88: error: package R does not exist
                                            
        
Toast.makeText(RegisterActivity.this, 
getString(R.string.auth_register_success), 
Toast.LENGTH_SHORT).show();
                                            
                                            
             ^
D:\tu_projects\PocketMind\app\src\main\java\
com\tuhoang\pocketmind\ui\auth\RegisterActiv
ity.java:94: error: package R does not exist
                                            
        
Toast.makeText(RegisterActivity.this, 
getString(R.string.auth_err_init_failed, 
e.getMessage()), Toast.LENGTH_SHORT).show();
                                            
                                            
             ^
D:\tu_projects\PocketMind\app\src\main\java\
com\tuhoang\pocketmind\ui\auth\RegisterActiv
ity.java:106: error: package R does not 
exist
                        
Toast.makeText(RegisterActivity.this, 
getString(R.string.auth_register_failed, 
task.getException().getMessage()),
                                            
                             ^
Note: D:\tu_projects\PocketMind\app\src\main
\java\com\tuhoang\pocketmind\ui\auth\LoginAc
tivity.java uses or overrides a deprecated 
API.
Note: Recompile with -Xlint:deprecation for 
details.
Note: D:\tu_projects\PocketMind\app\src\main
\java\com\tuhoang\pocketmind\ui\settings\AiS
ettingsActivity.java uses unchecked or 
unsafe operations.
Note: Recompile with -Xlint:unchecked for 
details.
7 errors

[Incubating] Problems report is available at: file:///D:/tu_projects/PocketMind/build/reports/problems/problems-report.html

FAILURE: Build failed with an exception.

* What went wrong:
Execution failed for task 
':app:compileDebugJavaWithJavac'.
> Compilation failed; see the compiler 
output below.
  Note: D:\tu_projects\PocketMind\app\src\ma
in\java\com\tuhoang\pocketmind\ui\auth\Login
Activity.java uses or overrides a 
deprecated API.
  Note: Recompile with -Xlint:deprecation 
for details.
  Note: D:\tu_projects\PocketMind\app\src\ma
in\java\com\tuhoang\pocketmind\ui\settings\A
iSettingsActivity.java uses unchecked or 
unsafe operations.
  Note: Recompile with -Xlint:unchecked for 
details.
  D:\tu_projects\PocketMind\app\src\main\jav
a\com\tuhoang\pocketmind\ui\auth\RegisterAct
ivity.java:42: error: package R does not 
exist
                  Toast.makeText(this, 
getString(R.string.auth_err_empty_fields), 
Toast.LENGTH_SHORT).show();
                                            
      ^
  D:\tu_projects\PocketMind\app\src\main\jav
a\com\tuhoang\pocketmind\ui\auth\RegisterAct
ivity.java:47: error: package R does not 
exist
                  Toast.makeText(this, getSt
ring(R.string.auth_err_password_mismatch), 
Toast.LENGTH_SHORT).show();
                                            
      ^
  D:\tu_projects\PocketMind\app\src\main\jav
a\com\tuhoang\pocketmind\ui\auth\RegisterAct
ivity.java:52: error: package R does not 
exist
                  Toast.makeText(this, getSt
ring(R.string.auth_err_password_length), 
Toast.LENGTH_SHORT).show();
                                            
      ^
  D:\tu_projects\PocketMind\app\src\main\jav
a\com\tuhoang\pocketmind\ui\auth\RegisterAct
ivity.java:56: error: package R does not 
exist
              showLoading(getString(R.string
.action_registering));
                                     ^
  D:\tu_projects\PocketMind\app\src\main\jav
a\com\tuhoang\pocketmind\ui\auth\RegisterAct
ivity.java:88: error: package R does not 
exist
                                            
          
Toast.makeText(RegisterActivity.this, 
getString(R.string.auth_register_success), 
Toast.LENGTH_SHORT).show();
                                            
                                            
               ^
  D:\tu_projects\PocketMind\app\src\main\jav
a\com\tuhoang\pocketmind\ui\auth\RegisterAct
ivity.java:94: error: package R does not 
exist
                                            
          
Toast.makeText(RegisterActivity.this, 
getString(R.string.auth_err_init_failed, 
e.getMessage()), Toast.LENGTH_SHORT).show();
                                            
                                            
               ^
  D:\tu_projects\PocketMind\app\src\main\jav
a\com\tuhoang\pocketmind\ui\auth\RegisterAct
ivity.java:106: error: package R does not 
exist
                          
Toast.makeText(RegisterActivity.this, 
getString(R.string.auth_register_failed, 
task.getException().getMessage()),
                                            
                               ^
  7 errors

* Try:
> Check your code and dependencies to fix 
the compilation error(s)
> Run with --scan to generate a Build Scan 
(powered by Develocity).

BUILD FAILED in 2s
11 actionable tasks: 1 executed, 10 up-to-date
